---
http_interactions:
- request:
    method: get
    uri: https://votes-app-1903.herokuapp.com/api/v1/recording/15/score
    body:
      encoding: US-ASCII
      string: ''
    headers:
      User-Agent:
      - Faraday v0.15.4
      Accept-Encoding:
      - gzip;q=1.0,deflate;q=0.6,identity;q=0.3
      Accept:
      - "*/*"
  response:
    status:
      code: 200
      message: OK
    headers:
      Date:
      - Thu, 25 Jul 2019 02:29:16 GMT
      Connection:
      - keep-alive
      Content-Type:
      - application/json
      Content-Length:
      - '104'
      X-Content-Type-Options:
      - nosniff
      Server:
      - thin
      Via:
      - 1.1 vegur
    body:
      encoding: UTF-8
      string: '{"data":{"type":"recording","votable_id":"15","attributes":{"upvotes":1,"downvotes":0,"total_score":1}}}'
    http_version: 
  recorded_at: Thu, 25 Jul 2019 02:29:16 GMT
- request:
    method: get
    uri: https://votes-app-1903.herokuapp.com/api/v1/recording/16/score
    body:
      encoding: US-ASCII
      string: ''
    headers:
      User-Agent:
      - Faraday v0.15.4
      Accept-Encoding:
      - gzip;q=1.0,deflate;q=0.6,identity;q=0.3
      Accept:
      - "*/*"
  response:
    status:
      code: 200
      message: OK
    headers:
      Date:
      - Thu, 25 Jul 2019 02:29:17 GMT
      Connection:
      - keep-alive
      Content-Type:
      - application/json
      Content-Length:
      - '104'
      X-Content-Type-Options:
      - nosniff
      Server:
      - thin
      Via:
      - 1.1 vegur
    body:
      encoding: UTF-8
      string: '{"data":{"type":"recording","votable_id":"16","attributes":{"upvotes":0,"downvotes":0,"total_score":0}}}'
    http_version: 
  recorded_at: Thu, 25 Jul 2019 02:29:16 GMT
- request:
    method: get
    uri: https://votes-app-1903.herokuapp.com/api/v1/recording/17/score
    body:
      encoding: US-ASCII
      string: ''
    headers:
      User-Agent:
      - Faraday v0.15.4
      Accept-Encoding:
      - gzip;q=1.0,deflate;q=0.6,identity;q=0.3
      Accept:
      - "*/*"
  response:
    status:
      code: 200
      message: OK
    headers:
      Date:
      - Thu, 25 Jul 2019 02:29:17 GMT
      Connection:
      - keep-alive
      Content-Type:
      - application/json
      Content-Length:
      - '104'
      X-Content-Type-Options:
      - nosniff
      Server:
      - thin
      Via:
      - 1.1 vegur
    body:
      encoding: UTF-8
      string: '{"data":{"type":"recording","votable_id":"17","attributes":{"upvotes":0,"downvotes":0,"total_score":0}}}'
    http_version: 
  recorded_at: Thu, 25 Jul 2019 02:29:16 GMT
- request:
    method: get
    uri: https://votes-app-1903.herokuapp.com/api/v1/recording/16/score
    body:
      encoding: US-ASCII
      string: ''
    headers:
      User-Agent:
      - Faraday v0.15.4
      Accept-Encoding:
      - gzip;q=1.0,deflate;q=0.6,identity;q=0.3
      Accept:
      - "*/*"
  response:
    status:
      code: 200
      message: OK
    headers:
      Date:
      - Thu, 25 Jul 2019 02:29:18 GMT
      Connection:
      - keep-alive
      Content-Type:
      - application/json
      Content-Length:
      - '104'
      X-Content-Type-Options:
      - nosniff
      Server:
      - thin
      Via:
      - 1.1 vegur
    body:
      encoding: UTF-8
      string: '{"data":{"type":"recording","votable_id":"16","attributes":{"upvotes":0,"downvotes":0,"total_score":0}}}'
    http_version: 
  recorded_at: Thu, 25 Jul 2019 02:29:17 GMT
- request:
    method: get
    uri: https://votes-app-1903.herokuapp.com/api/v1/recording/17/score
    body:
      encoding: US-ASCII
      string: ''
    headers:
      User-Agent:
      - Faraday v0.15.4
      Accept-Encoding:
      - gzip;q=1.0,deflate;q=0.6,identity;q=0.3
      Accept:
      - "*/*"
  response:
    status:
      code: 200
      message: OK
    headers:
      Date:
      - Thu, 25 Jul 2019 02:29:17 GMT
      Connection:
      - keep-alive
      Content-Type:
      - application/json
      Content-Length:
      - '104'
      X-Content-Type-Options:
      - nosniff
      Server:
      - thin
      Via:
      - 1.1 vegur
    body:
      encoding: UTF-8
      string: '{"data":{"type":"recording","votable_id":"17","attributes":{"upvotes":0,"downvotes":0,"total_score":0}}}'
    http_version: 
  recorded_at: Thu, 25 Jul 2019 02:29:17 GMT
- request:
    method: get
    uri: https://votes-app-1903.herokuapp.com/api/v1/recording/53/score
    body:
      encoding: US-ASCII
      string: ''
    headers:
      User-Agent:
      - Faraday v0.15.4
      Accept-Encoding:
      - gzip;q=1.0,deflate;q=0.6,identity;q=0.3
      Accept:
      - "*/*"
  response:
    status:
      code: 200
      message: OK
    headers:
      Date:
      - Thu, 25 Jul 2019 02:31:09 GMT
      Connection:
      - keep-alive
      Content-Type:
      - application/json
      Content-Length:
      - '104'
      X-Content-Type-Options:
      - nosniff
      Server:
      - thin
      Via:
      - 1.1 vegur
    body:
      encoding: UTF-8
      string: '{"data":{"type":"recording","votable_id":"53","attributes":{"upvotes":0,"downvotes":0,"total_score":0}}}'
    http_version: 
  recorded_at: Thu, 25 Jul 2019 02:31:08 GMT
- request:
    method: get
    uri: https://votes-app-1903.herokuapp.com/api/v1/recording/54/score
    body:
      encoding: US-ASCII
      string: ''
    headers:
      User-Agent:
      - Faraday v0.15.4
      Accept-Encoding:
      - gzip;q=1.0,deflate;q=0.6,identity;q=0.3
      Accept:
      - "*/*"
  response:
    status:
      code: 200
      message: OK
    headers:
      Date:
      - Thu, 25 Jul 2019 02:31:08 GMT
      Connection:
      - keep-alive
      Content-Type:
      - application/json
      Content-Length:
      - '104'
      X-Content-Type-Options:
      - nosniff
      Server:
      - thin
      Via:
      - 1.1 vegur
    body:
      encoding: UTF-8
      string: '{"data":{"type":"recording","votable_id":"54","attributes":{"upvotes":0,"downvotes":0,"total_score":0}}}'
    http_version: 
  recorded_at: Thu, 25 Jul 2019 02:31:08 GMT
- request:
    method: get
    uri: https://votes-app-1903.herokuapp.com/api/v1/recording/55/score
    body:
      encoding: US-ASCII
      string: ''
    headers:
      User-Agent:
      - Faraday v0.15.4
      Accept-Encoding:
      - gzip;q=1.0,deflate;q=0.6,identity;q=0.3
      Accept:
      - "*/*"
  response:
    status:
      code: 200
      message: OK
    headers:
      Date:
      - Thu, 25 Jul 2019 02:31:09 GMT
      Connection:
      - keep-alive
      Content-Type:
      - application/json
      Content-Length:
      - '104'
      X-Content-Type-Options:
      - nosniff
      Server:
      - thin
      Via:
      - 1.1 vegur
    body:
      encoding: UTF-8
      string: '{"data":{"type":"recording","votable_id":"55","attributes":{"upvotes":0,"downvotes":0,"total_score":0}}}'
    http_version: 
  recorded_at: Thu, 25 Jul 2019 02:31:09 GMT
- request:
    method: get
    uri: https://votes-app-1903.herokuapp.com/api/v1/recording/54/score
    body:
      encoding: US-ASCII
      string: ''
    headers:
      User-Agent:
      - Faraday v0.15.4
      Accept-Encoding:
      - gzip;q=1.0,deflate;q=0.6,identity;q=0.3
      Accept:
      - "*/*"
  response:
    status:
      code: 200
      message: OK
    headers:
      Date:
      - Thu, 25 Jul 2019 02:31:10 GMT
      Connection:
      - keep-alive
      Content-Type:
      - application/json
      Content-Length:
      - '104'
      X-Content-Type-Options:
      - nosniff
      Server:
      - thin
      Via:
      - 1.1 vegur
    body:
      encoding: UTF-8
      string: '{"data":{"type":"recording","votable_id":"54","attributes":{"upvotes":0,"downvotes":0,"total_score":0}}}'
    http_version: 
  recorded_at: Thu, 25 Jul 2019 02:31:09 GMT
- request:
    method: get
    uri: https://votes-app-1903.herokuapp.com/api/v1/recording/55/score
    body:
      encoding: US-ASCII
      string: ''
    headers:
      User-Agent:
      - Faraday v0.15.4
      Accept-Encoding:
      - gzip;q=1.0,deflate;q=0.6,identity;q=0.3
      Accept:
      - "*/*"
  response:
    status:
      code: 200
      message: OK
    headers:
      Date:
      - Thu, 25 Jul 2019 02:31:09 GMT
      Connection:
      - keep-alive
      Content-Type:
      - application/json
      Content-Length:
      - '104'
      X-Content-Type-Options:
      - nosniff
      Server:
      - thin
      Via:
      - 1.1 vegur
    body:
      encoding: UTF-8
      string: '{"data":{"type":"recording","votable_id":"55","attributes":{"upvotes":0,"downvotes":0,"total_score":0}}}'
    http_version: 
  recorded_at: Thu, 25 Jul 2019 02:31:09 GMT
- request:
    method: get
    uri: https://votes-app-1903.herokuapp.com/api/v1/recording/231/score
    body:
      encoding: US-ASCII
      string: ''
    headers:
      User-Agent:
      - Faraday v0.15.4
      Accept-Encoding:
      - gzip;q=1.0,deflate;q=0.6,identity;q=0.3
      Accept:
      - "*/*"
  response:
    status:
      code: 200
      message: OK
    headers:
      Date:
      - Thu, 25 Jul 2019 03:28:20 GMT
      Connection:
      - keep-alive
      Content-Type:
      - application/json
      Content-Length:
      - '105'
      X-Content-Type-Options:
      - nosniff
      Server:
      - thin
      Via:
      - 1.1 vegur
    body:
      encoding: UTF-8
      string: '{"data":{"type":"recording","votable_id":"231","attributes":{"upvotes":0,"downvotes":0,"total_score":0}}}'
    http_version: 
  recorded_at: Thu, 25 Jul 2019 03:28:20 GMT
- request:
    method: get
    uri: https://votes-app-1903.herokuapp.com/api/v1/recording/232/score
    body:
      encoding: US-ASCII
      string: ''
    headers:
      User-Agent:
      - Faraday v0.15.4
      Accept-Encoding:
      - gzip;q=1.0,deflate;q=0.6,identity;q=0.3
      Accept:
      - "*/*"
  response:
    status:
      code: 200
      message: OK
    headers:
      Date:
      - Thu, 25 Jul 2019 03:28:19 GMT
      Connection:
      - keep-alive
      Content-Type:
      - application/json
      Content-Length:
      - '105'
      X-Content-Type-Options:
      - nosniff
      Server:
      - thin
      Via:
      - 1.1 vegur
    body:
      encoding: UTF-8
      string: '{"data":{"type":"recording","votable_id":"232","attributes":{"upvotes":0,"downvotes":0,"total_score":0}}}'
    http_version: 
  recorded_at: Thu, 25 Jul 2019 03:28:20 GMT
- request:
    method: get
    uri: https://votes-app-1903.herokuapp.com/api/v1/recording/233/score
    body:
      encoding: US-ASCII
      string: ''
    headers:
      User-Agent:
      - Faraday v0.15.4
      Accept-Encoding:
      - gzip;q=1.0,deflate;q=0.6,identity;q=0.3
      Accept:
      - "*/*"
  response:
    status:
      code: 200
      message: OK
    headers:
      Date:
      - Thu, 25 Jul 2019 03:28:19 GMT
      Connection:
      - keep-alive
      Content-Type:
      - application/json
      Content-Length:
      - '105'
      X-Content-Type-Options:
      - nosniff
      Server:
      - thin
      Via:
      - 1.1 vegur
    body:
      encoding: UTF-8
      string: '{"data":{"type":"recording","votable_id":"233","attributes":{"upvotes":0,"downvotes":0,"total_score":0}}}'
    http_version: 
  recorded_at: Thu, 25 Jul 2019 03:28:20 GMT
- request:
    method: get
    uri: https://votes-app-1903.herokuapp.com/api/v1/recording/232/score
    body:
      encoding: US-ASCII
      string: ''
    headers:
      User-Agent:
      - Faraday v0.15.4
      Accept-Encoding:
      - gzip;q=1.0,deflate;q=0.6,identity;q=0.3
      Accept:
      - "*/*"
  response:
    status:
      code: 200
      message: OK
    headers:
      Date:
      - Thu, 25 Jul 2019 03:28:20 GMT
      Connection:
      - keep-alive
      Content-Type:
      - application/json
      Content-Length:
      - '105'
      X-Content-Type-Options:
      - nosniff
      Server:
      - thin
      Via:
      - 1.1 vegur
    body:
      encoding: UTF-8
      string: '{"data":{"type":"recording","votable_id":"232","attributes":{"upvotes":0,"downvotes":0,"total_score":0}}}'
    http_version: 
  recorded_at: Thu, 25 Jul 2019 03:28:20 GMT
- request:
    method: get
    uri: https://votes-app-1903.herokuapp.com/api/v1/recording/233/score
    body:
      encoding: US-ASCII
      string: ''
    headers:
      User-Agent:
      - Faraday v0.15.4
      Accept-Encoding:
      - gzip;q=1.0,deflate;q=0.6,identity;q=0.3
      Accept:
      - "*/*"
  response:
    status:
      code: 200
      message: OK
    headers:
      Date:
      - Thu, 25 Jul 2019 03:28:20 GMT
      Connection:
      - keep-alive
      Content-Type:
      - application/json
      Content-Length:
      - '105'
      X-Content-Type-Options:
      - nosniff
      Server:
      - thin
      Via:
      - 1.1 vegur
    body:
      encoding: UTF-8
      string: '{"data":{"type":"recording","votable_id":"233","attributes":{"upvotes":0,"downvotes":0,"total_score":0}}}'
    http_version: 
  recorded_at: Thu, 25 Jul 2019 03:28:20 GMT
- request:
    method: get
    uri: https://votes-app-1903.herokuapp.com/api/v1/recording/167/score
    body:
      encoding: US-ASCII
      string: ''
    headers:
      User-Agent:
      - Faraday v0.15.4
      Accept-Encoding:
      - gzip;q=1.0,deflate;q=0.6,identity;q=0.3
      Accept:
      - "*/*"
  response:
    status:
      code: 200
      message: OK
    headers:
      Date:
      - Thu, 25 Jul 2019 15:01:14 GMT
      Connection:
      - keep-alive
      Content-Type:
      - application/json
      Content-Length:
      - '105'
      X-Content-Type-Options:
      - nosniff
      Server:
      - thin
      Via:
      - 1.1 vegur
    body:
      encoding: UTF-8
      string: '{"data":{"type":"recording","votable_id":"167","attributes":{"upvotes":0,"downvotes":0,"total_score":0}}}'
    http_version: 
  recorded_at: Thu, 25 Jul 2019 15:01:12 GMT
- request:
    method: get
    uri: https://votes-app-1903.herokuapp.com/api/v1/recording/168/score
    body:
      encoding: US-ASCII
      string: ''
    headers:
      User-Agent:
      - Faraday v0.15.4
      Accept-Encoding:
      - gzip;q=1.0,deflate;q=0.6,identity;q=0.3
      Accept:
      - "*/*"
  response:
    status:
      code: 200
      message: OK
    headers:
      Date:
      - Thu, 25 Jul 2019 15:01:15 GMT
      Connection:
      - keep-alive
      Content-Type:
      - application/json
      Content-Length:
      - '105'
      X-Content-Type-Options:
      - nosniff
      Server:
      - thin
      Via:
      - 1.1 vegur
    body:
      encoding: UTF-8
      string: '{"data":{"type":"recording","votable_id":"168","attributes":{"upvotes":0,"downvotes":0,"total_score":0}}}'
    http_version: 
  recorded_at: Thu, 25 Jul 2019 15:01:13 GMT
- request:
    method: get
    uri: https://votes-app-1903.herokuapp.com/api/v1/recording/169/score
    body:
      encoding: US-ASCII
      string: ''
    headers:
      User-Agent:
      - Faraday v0.15.4
      Accept-Encoding:
      - gzip;q=1.0,deflate;q=0.6,identity;q=0.3
      Accept:
      - "*/*"
  response:
    status:
      code: 200
      message: OK
    headers:
      Date:
      - Thu, 25 Jul 2019 15:01:15 GMT
      Connection:
      - keep-alive
      Content-Type:
      - application/json
      Content-Length:
      - '105'
      X-Content-Type-Options:
      - nosniff
      Server:
      - thin
      Via:
      - 1.1 vegur
    body:
      encoding: UTF-8
      string: '{"data":{"type":"recording","votable_id":"169","attributes":{"upvotes":0,"downvotes":0,"total_score":0}}}'
    http_version: 
  recorded_at: Thu, 25 Jul 2019 15:01:13 GMT
- request:
    method: get
    uri: https://votes-app-1903.herokuapp.com/api/v1/recording/168/score
    body:
      encoding: US-ASCII
      string: ''
    headers:
      User-Agent:
      - Faraday v0.15.4
      Accept-Encoding:
      - gzip;q=1.0,deflate;q=0.6,identity;q=0.3
      Accept:
      - "*/*"
  response:
    status:
      code: 200
      message: OK
    headers:
      Date:
      - Thu, 25 Jul 2019 15:01:16 GMT
      Connection:
      - keep-alive
      Content-Type:
      - application/json
      Content-Length:
      - '105'
      X-Content-Type-Options:
      - nosniff
      Server:
      - thin
      Via:
      - 1.1 vegur
    body:
      encoding: UTF-8
      string: '{"data":{"type":"recording","votable_id":"168","attributes":{"upvotes":0,"downvotes":0,"total_score":0}}}'
    http_version: 
  recorded_at: Thu, 25 Jul 2019 15:01:13 GMT
- request:
    method: get
    uri: https://votes-app-1903.herokuapp.com/api/v1/recording/169/score
    body:
      encoding: US-ASCII
      string: ''
    headers:
      User-Agent:
      - Faraday v0.15.4
      Accept-Encoding:
      - gzip;q=1.0,deflate;q=0.6,identity;q=0.3
      Accept:
      - "*/*"
  response:
    status:
      code: 200
      message: OK
    headers:
      Date:
      - Thu, 25 Jul 2019 15:01:16 GMT
      Connection:
      - keep-alive
      Content-Type:
      - application/json
      Content-Length:
      - '105'
      X-Content-Type-Options:
      - nosniff
      Server:
      - thin
      Via:
      - 1.1 vegur
    body:
      encoding: UTF-8
      string: '{"data":{"type":"recording","votable_id":"169","attributes":{"upvotes":0,"downvotes":0,"total_score":0}}}'
    http_version: 
  recorded_at: Thu, 25 Jul 2019 15:01:13 GMT
- request:
    method: get
    uri: https://votes-app-1903.herokuapp.com/api/v1/recording/209/score
    body:
      encoding: US-ASCII
      string: ''
    headers:
      User-Agent:
      - Faraday v0.15.4
      Accept-Encoding:
      - gzip;q=1.0,deflate;q=0.6,identity;q=0.3
      Accept:
      - "*/*"
  response:
    status:
      code: 200
      message: OK
    headers:
      Date:
      - Thu, 25 Jul 2019 15:10:32 GMT
      Connection:
      - keep-alive
      Content-Type:
      - application/json
      Content-Length:
      - '105'
      X-Content-Type-Options:
      - nosniff
      Server:
      - thin
      Via:
      - 1.1 vegur
    body:
      encoding: UTF-8
      string: '{"data":{"type":"recording","votable_id":"209","attributes":{"upvotes":0,"downvotes":0,"total_score":0}}}'
    http_version: 
  recorded_at: Thu, 25 Jul 2019 15:10:30 GMT
- request:
    method: get
    uri: https://votes-app-1903.herokuapp.com/api/v1/recording/210/score
    body:
      encoding: US-ASCII
      string: ''
    headers:
      User-Agent:
      - Faraday v0.15.4
      Accept-Encoding:
      - gzip;q=1.0,deflate;q=0.6,identity;q=0.3
      Accept:
      - "*/*"
  response:
    status:
      code: 200
      message: OK
    headers:
      Date:
      - Thu, 25 Jul 2019 15:10:32 GMT
      Connection:
      - keep-alive
      Content-Type:
      - application/json
      Content-Length:
      - '105'
      X-Content-Type-Options:
      - nosniff
      Server:
      - thin
      Via:
      - 1.1 vegur
    body:
      encoding: UTF-8
      string: '{"data":{"type":"recording","votable_id":"210","attributes":{"upvotes":0,"downvotes":0,"total_score":0}}}'
    http_version: 
  recorded_at: Thu, 25 Jul 2019 15:10:30 GMT
- request:
    method: get
    uri: https://votes-app-1903.herokuapp.com/api/v1/recording/211/score
    body:
      encoding: US-ASCII
      string: ''
    headers:
      User-Agent:
      - Faraday v0.15.4
      Accept-Encoding:
      - gzip;q=1.0,deflate;q=0.6,identity;q=0.3
      Accept:
      - "*/*"
  response:
    status:
      code: 200
      message: OK
    headers:
      Date:
      - Thu, 25 Jul 2019 15:10:32 GMT
      Connection:
      - keep-alive
      Content-Type:
      - application/json
      Content-Length:
      - '105'
      X-Content-Type-Options:
      - nosniff
      Server:
      - thin
      Via:
      - 1.1 vegur
    body:
      encoding: UTF-8
      string: '{"data":{"type":"recording","votable_id":"211","attributes":{"upvotes":1,"downvotes":0,"total_score":1}}}'
    http_version: 
  recorded_at: Thu, 25 Jul 2019 15:10:30 GMT
- request:
    method: get
    uri: https://votes-app-1903.herokuapp.com/api/v1/recording/210/score
    body:
      encoding: US-ASCII
      string: ''
    headers:
      User-Agent:
      - Faraday v0.15.4
      Accept-Encoding:
      - gzip;q=1.0,deflate;q=0.6,identity;q=0.3
      Accept:
      - "*/*"
  response:
    status:
      code: 200
      message: OK
    headers:
      Date:
      - Thu, 25 Jul 2019 15:10:33 GMT
      Connection:
      - keep-alive
      Content-Type:
      - application/json
      Content-Length:
      - '105'
      X-Content-Type-Options:
      - nosniff
      Server:
      - thin
      Via:
      - 1.1 vegur
    body:
      encoding: UTF-8
      string: '{"data":{"type":"recording","votable_id":"210","attributes":{"upvotes":0,"downvotes":0,"total_score":0}}}'
    http_version: 
  recorded_at: Thu, 25 Jul 2019 15:10:30 GMT
- request:
    method: get
    uri: https://votes-app-1903.herokuapp.com/api/v1/recording/211/score
    body:
      encoding: US-ASCII
      string: ''
    headers:
      User-Agent:
      - Faraday v0.15.4
      Accept-Encoding:
      - gzip;q=1.0,deflate;q=0.6,identity;q=0.3
      Accept:
      - "*/*"
  response:
    status:
      code: 200
      message: OK
    headers:
      Date:
      - Thu, 25 Jul 2019 15:10:33 GMT
      Connection:
      - keep-alive
      Content-Type:
      - application/json
      Content-Length:
      - '105'
      X-Content-Type-Options:
      - nosniff
      Server:
      - thin
      Via:
      - 1.1 vegur
    body:
      encoding: UTF-8
      string: '{"data":{"type":"recording","votable_id":"211","attributes":{"upvotes":1,"downvotes":0,"total_score":1}}}'
    http_version: 
  recorded_at: Thu, 25 Jul 2019 15:10:31 GMT
- request:
    method: get
    uri: https://votes-app-1903.herokuapp.com/api/v1/recording/251/score
    body:
      encoding: US-ASCII
      string: ''
    headers:
      User-Agent:
      - Faraday v0.15.4
      Accept-Encoding:
      - gzip;q=1.0,deflate;q=0.6,identity;q=0.3
      Accept:
      - "*/*"
  response:
    status:
      code: 200
      message: OK
    headers:
      Date:
      - Thu, 25 Jul 2019 15:11:30 GMT
      Connection:
      - keep-alive
      Content-Type:
      - application/json
      Content-Length:
      - '105'
      X-Content-Type-Options:
      - nosniff
      Server:
      - thin
      Via:
      - 1.1 vegur
    body:
      encoding: UTF-8
      string: '{"data":{"type":"recording","votable_id":"251","attributes":{"upvotes":0,"downvotes":0,"total_score":0}}}'
    http_version: 
  recorded_at: Thu, 25 Jul 2019 15:11:28 GMT
- request:
    method: get
    uri: https://votes-app-1903.herokuapp.com/api/v1/recording/252/score
    body:
      encoding: US-ASCII
      string: ''
    headers:
      User-Agent:
      - Faraday v0.15.4
      Accept-Encoding:
      - gzip;q=1.0,deflate;q=0.6,identity;q=0.3
      Accept:
      - "*/*"
  response:
    status:
      code: 200
      message: OK
    headers:
      Date:
      - Thu, 25 Jul 2019 15:11:31 GMT
      Connection:
      - keep-alive
      Content-Type:
      - application/json
      Content-Length:
      - '105'
      X-Content-Type-Options:
      - nosniff
      Server:
      - thin
      Via:
      - 1.1 vegur
    body:
      encoding: UTF-8
      string: '{"data":{"type":"recording","votable_id":"252","attributes":{"upvotes":0,"downvotes":0,"total_score":0}}}'
    http_version: 
  recorded_at: Thu, 25 Jul 2019 15:11:28 GMT
- request:
    method: get
    uri: https://votes-app-1903.herokuapp.com/api/v1/recording/253/score
    body:
      encoding: US-ASCII
      string: ''
    headers:
      User-Agent:
      - Faraday v0.15.4
      Accept-Encoding:
      - gzip;q=1.0,deflate;q=0.6,identity;q=0.3
      Accept:
      - "*/*"
  response:
    status:
      code: 200
      message: OK
    headers:
      Date:
      - Thu, 25 Jul 2019 15:11:31 GMT
      Connection:
      - keep-alive
      Content-Type:
      - application/json
      Content-Length:
      - '105'
      X-Content-Type-Options:
      - nosniff
      Server:
      - thin
      Via:
      - 1.1 vegur
    body:
      encoding: UTF-8
      string: '{"data":{"type":"recording","votable_id":"253","attributes":{"upvotes":0,"downvotes":0,"total_score":0}}}'
    http_version: 
  recorded_at: Thu, 25 Jul 2019 15:11:29 GMT
- request:
    method: get
    uri: https://votes-app-1903.herokuapp.com/api/v1/recording/252/score
    body:
      encoding: US-ASCII
      string: ''
    headers:
      User-Agent:
      - Faraday v0.15.4
      Accept-Encoding:
      - gzip;q=1.0,deflate;q=0.6,identity;q=0.3
      Accept:
      - "*/*"
  response:
    status:
      code: 200
      message: OK
    headers:
      Date:
      - Thu, 25 Jul 2019 15:11:31 GMT
      Connection:
      - keep-alive
      Content-Type:
      - application/json
      Content-Length:
      - '105'
      X-Content-Type-Options:
      - nosniff
      Server:
      - thin
      Via:
      - 1.1 vegur
    body:
      encoding: UTF-8
      string: '{"data":{"type":"recording","votable_id":"252","attributes":{"upvotes":0,"downvotes":0,"total_score":0}}}'
    http_version: 
  recorded_at: Thu, 25 Jul 2019 15:11:29 GMT
- request:
    method: get
    uri: https://votes-app-1903.herokuapp.com/api/v1/recording/253/score
    body:
      encoding: US-ASCII
      string: ''
    headers:
      User-Agent:
      - Faraday v0.15.4
      Accept-Encoding:
      - gzip;q=1.0,deflate;q=0.6,identity;q=0.3
      Accept:
      - "*/*"
  response:
    status:
      code: 200
      message: OK
    headers:
      Date:
      - Thu, 25 Jul 2019 15:11:31 GMT
      Connection:
      - keep-alive
      Content-Type:
      - application/json
      Content-Length:
      - '105'
      X-Content-Type-Options:
      - nosniff
      Server:
      - thin
      Via:
      - 1.1 vegur
    body:
      encoding: UTF-8
      string: '{"data":{"type":"recording","votable_id":"253","attributes":{"upvotes":0,"downvotes":0,"total_score":0}}}'
    http_version: 
  recorded_at: Thu, 25 Jul 2019 15:11:29 GMT
- request:
    method: get
    uri: https://votes-app-1903.herokuapp.com/api/v1/recording/19/score
    body:
      encoding: US-ASCII
      string: ''
    headers:
      User-Agent:
      - Faraday v0.15.4
      Accept-Encoding:
      - gzip;q=1.0,deflate;q=0.6,identity;q=0.3
      Accept:
      - "*/*"
  response:
    status:
      code: 200
      message: OK
    headers:
      Date:
      - Thu, 25 Jul 2019 15:29:06 GMT
      Connection:
      - keep-alive
      Content-Type:
      - application/json
      Content-Length:
      - '105'
      X-Content-Type-Options:
      - nosniff
      Server:
      - thin
      Via:
      - 1.1 vegur
    body:
      encoding: UTF-8
      string: '{"data":{"type":"recording","votable_id":"19","attributes":{"upvotes":1,"downvotes":2,"total_score":-1}}}'
    http_version: 
  recorded_at: Thu, 25 Jul 2019 15:29:04 GMT
- request:
    method: get
    uri: https://votes-app-1903.herokuapp.com/api/v1/recording/20/score
    body:
      encoding: US-ASCII
      string: ''
    headers:
      User-Agent:
      - Faraday v0.15.4
      Accept-Encoding:
      - gzip;q=1.0,deflate;q=0.6,identity;q=0.3
      Accept:
      - "*/*"
  response:
    status:
      code: 200
      message: OK
    headers:
      Date:
      - Thu, 25 Jul 2019 15:29:07 GMT
      Connection:
      - keep-alive
      Content-Type:
      - application/json
      Content-Length:
      - '104'
      X-Content-Type-Options:
      - nosniff
      Server:
      - thin
      Via:
      - 1.1 vegur
    body:
      encoding: UTF-8
      string: '{"data":{"type":"recording","votable_id":"20","attributes":{"upvotes":2,"downvotes":0,"total_score":2}}}'
    http_version: 
  recorded_at: Thu, 25 Jul 2019 15:29:05 GMT
- request:
    method: get
    uri: https://votes-app-1903.herokuapp.com/api/v1/recording/21/score
    body:
      encoding: US-ASCII
      string: ''
    headers:
      User-Agent:
      - Faraday v0.15.4
      Accept-Encoding:
      - gzip;q=1.0,deflate;q=0.6,identity;q=0.3
      Accept:
      - "*/*"
  response:
    status:
      code: 200
      message: OK
    headers:
      Date:
      - Thu, 25 Jul 2019 15:29:07 GMT
      Connection:
      - keep-alive
      Content-Type:
      - application/json
      Content-Length:
      - '104'
      X-Content-Type-Options:
      - nosniff
      Server:
      - thin
      Via:
      - 1.1 vegur
    body:
      encoding: UTF-8
      string: '{"data":{"type":"recording","votable_id":"21","attributes":{"upvotes":0,"downvotes":0,"total_score":0}}}'
    http_version: 
  recorded_at: Thu, 25 Jul 2019 15:29:05 GMT
- request:
    method: get
    uri: https://votes-app-1903.herokuapp.com/api/v1/recording/20/score
    body:
      encoding: US-ASCII
      string: ''
    headers:
      User-Agent:
      - Faraday v0.15.4
      Accept-Encoding:
      - gzip;q=1.0,deflate;q=0.6,identity;q=0.3
      Accept:
      - "*/*"
  response:
    status:
      code: 200
      message: OK
    headers:
      Date:
      - Thu, 25 Jul 2019 15:29:09 GMT
      Connection:
      - keep-alive
      Content-Type:
      - application/json
      Content-Length:
      - '104'
      X-Content-Type-Options:
      - nosniff
      Server:
      - thin
      Via:
      - 1.1 vegur
    body:
      encoding: UTF-8
      string: '{"data":{"type":"recording","votable_id":"20","attributes":{"upvotes":2,"downvotes":0,"total_score":2}}}'
    http_version: 
  recorded_at: Thu, 25 Jul 2019 15:29:06 GMT
- request:
    method: get
    uri: https://votes-app-1903.herokuapp.com/api/v1/recording/21/score
    body:
      encoding: US-ASCII
      string: ''
    headers:
      User-Agent:
      - Faraday v0.15.4
      Accept-Encoding:
      - gzip;q=1.0,deflate;q=0.6,identity;q=0.3
      Accept:
      - "*/*"
  response:
    status:
      code: 200
      message: OK
    headers:
      Date:
      - Thu, 25 Jul 2019 15:29:09 GMT
      Connection:
      - keep-alive
      Content-Type:
      - application/json
      Content-Length:
      - '104'
      X-Content-Type-Options:
      - nosniff
      Server:
      - thin
      Via:
      - 1.1 vegur
    body:
      encoding: UTF-8
      string: '{"data":{"type":"recording","votable_id":"21","attributes":{"upvotes":0,"downvotes":0,"total_score":0}}}'
    http_version: 
  recorded_at: Thu, 25 Jul 2019 15:29:06 GMT
recorded_with: VCR 5.0.0
