---
http_interactions:
- request:
    method: get
    uri: https://votes-app-1903.herokuapp.com/api/v1/recording/21/score
    body:
      encoding: US-ASCII
      string: ''
    headers:
      User-Agent:
      - Faraday v0.15.4
      Accept-Encoding:
      - gzip;q=1.0,deflate;q=0.6,identity;q=0.3
      Accept:
      - "*/*"
  response:
    status:
      code: 200
      message: OK
    headers:
      Date:
      - Thu, 25 Jul 2019 02:29:19 GMT
      Connection:
      - keep-alive
      Content-Type:
      - application/json
      Content-Length:
      - '104'
      X-Content-Type-Options:
      - nosniff
      Server:
      - thin
      Via:
      - 1.1 vegur
    body:
      encoding: UTF-8
      string: '{"data":{"type":"recording","votable_id":"21","attributes":{"upvotes":0,"downvotes":0,"total_score":0}}}'
    http_version: 
  recorded_at: Thu, 25 Jul 2019 02:29:18 GMT
- request:
    method: get
    uri: https://votes-app-1903.herokuapp.com/api/v1/recording/22/score
    body:
      encoding: US-ASCII
      string: ''
    headers:
      User-Agent:
      - Faraday v0.15.4
      Accept-Encoding:
      - gzip;q=1.0,deflate;q=0.6,identity;q=0.3
      Accept:
      - "*/*"
  response:
    status:
      code: 200
      message: OK
    headers:
      Date:
      - Thu, 25 Jul 2019 02:29:19 GMT
      Connection:
      - keep-alive
      Content-Type:
      - application/json
      Content-Length:
      - '104'
      X-Content-Type-Options:
      - nosniff
      Server:
      - thin
      Via:
      - 1.1 vegur
    body:
      encoding: UTF-8
      string: '{"data":{"type":"recording","votable_id":"22","attributes":{"upvotes":0,"downvotes":0,"total_score":0}}}'
    http_version: 
  recorded_at: Thu, 25 Jul 2019 02:29:18 GMT
- request:
    method: get
    uri: https://votes-app-1903.herokuapp.com/api/v1/recording/23/score
    body:
      encoding: US-ASCII
      string: ''
    headers:
      User-Agent:
      - Faraday v0.15.4
      Accept-Encoding:
      - gzip;q=1.0,deflate;q=0.6,identity;q=0.3
      Accept:
      - "*/*"
  response:
    status:
      code: 200
      message: OK
    headers:
      Date:
      - Thu, 25 Jul 2019 02:29:19 GMT
      Connection:
      - keep-alive
      Content-Type:
      - application/json
      Content-Length:
      - '104'
      X-Content-Type-Options:
      - nosniff
      Server:
      - thin
      Via:
      - 1.1 vegur
    body:
      encoding: UTF-8
      string: '{"data":{"type":"recording","votable_id":"23","attributes":{"upvotes":0,"downvotes":0,"total_score":0}}}'
    http_version: 
  recorded_at: Thu, 25 Jul 2019 02:29:18 GMT
- request:
    method: get
    uri: https://votes-app-1903.herokuapp.com/api/v1/recording/22/score
    body:
      encoding: US-ASCII
      string: ''
    headers:
      User-Agent:
      - Faraday v0.15.4
      Accept-Encoding:
      - gzip;q=1.0,deflate;q=0.6,identity;q=0.3
      Accept:
      - "*/*"
  response:
    status:
      code: 200
      message: OK
    headers:
      Date:
      - Thu, 25 Jul 2019 02:29:19 GMT
      Connection:
      - keep-alive
      Content-Type:
      - application/json
      Content-Length:
      - '104'
      X-Content-Type-Options:
      - nosniff
      Server:
      - thin
      Via:
      - 1.1 vegur
    body:
      encoding: UTF-8
      string: '{"data":{"type":"recording","votable_id":"22","attributes":{"upvotes":0,"downvotes":0,"total_score":0}}}'
    http_version: 
  recorded_at: Thu, 25 Jul 2019 02:29:19 GMT
- request:
    method: get
    uri: https://votes-app-1903.herokuapp.com/api/v1/recording/23/score
    body:
      encoding: US-ASCII
      string: ''
    headers:
      User-Agent:
      - Faraday v0.15.4
      Accept-Encoding:
      - gzip;q=1.0,deflate;q=0.6,identity;q=0.3
      Accept:
      - "*/*"
  response:
    status:
      code: 200
      message: OK
    headers:
      Date:
      - Thu, 25 Jul 2019 02:29:20 GMT
      Connection:
      - keep-alive
      Content-Type:
      - application/json
      Content-Length:
      - '104'
      X-Content-Type-Options:
      - nosniff
      Server:
      - thin
      Via:
      - 1.1 vegur
    body:
      encoding: UTF-8
      string: '{"data":{"type":"recording","votable_id":"23","attributes":{"upvotes":0,"downvotes":0,"total_score":0}}}'
    http_version: 
  recorded_at: Thu, 25 Jul 2019 02:29:19 GMT
- request:
    method: get
    uri: https://votes-app-1903.herokuapp.com/api/v1/recording/59/score
    body:
      encoding: US-ASCII
      string: ''
    headers:
      User-Agent:
      - Faraday v0.15.4
      Accept-Encoding:
      - gzip;q=1.0,deflate;q=0.6,identity;q=0.3
      Accept:
      - "*/*"
  response:
    status:
      code: 200
      message: OK
    headers:
      Date:
      - Thu, 25 Jul 2019 02:31:11 GMT
      Connection:
      - keep-alive
      Content-Type:
      - application/json
      Content-Length:
      - '104'
      X-Content-Type-Options:
      - nosniff
      Server:
      - thin
      Via:
      - 1.1 vegur
    body:
      encoding: UTF-8
      string: '{"data":{"type":"recording","votable_id":"59","attributes":{"upvotes":0,"downvotes":0,"total_score":0}}}'
    http_version: 
  recorded_at: Thu, 25 Jul 2019 02:31:10 GMT
- request:
    method: get
    uri: https://votes-app-1903.herokuapp.com/api/v1/recording/60/score
    body:
      encoding: US-ASCII
      string: ''
    headers:
      User-Agent:
      - Faraday v0.15.4
      Accept-Encoding:
      - gzip;q=1.0,deflate;q=0.6,identity;q=0.3
      Accept:
      - "*/*"
  response:
    status:
      code: 200
      message: OK
    headers:
      Date:
      - Thu, 25 Jul 2019 02:31:11 GMT
      Connection:
      - keep-alive
      Content-Type:
      - application/json
      Content-Length:
      - '105'
      X-Content-Type-Options:
      - nosniff
      Server:
      - thin
      Via:
      - 1.1 vegur
    body:
      encoding: UTF-8
      string: '{"data":{"type":"recording","votable_id":"60","attributes":{"upvotes":0,"downvotes":1,"total_score":-1}}}'
    http_version: 
  recorded_at: Thu, 25 Jul 2019 02:31:10 GMT
- request:
    method: get
    uri: https://votes-app-1903.herokuapp.com/api/v1/recording/61/score
    body:
      encoding: US-ASCII
      string: ''
    headers:
      User-Agent:
      - Faraday v0.15.4
      Accept-Encoding:
      - gzip;q=1.0,deflate;q=0.6,identity;q=0.3
      Accept:
      - "*/*"
  response:
    status:
      code: 200
      message: OK
    headers:
      Date:
      - Thu, 25 Jul 2019 02:31:11 GMT
      Connection:
      - keep-alive
      Content-Type:
      - application/json
      Content-Length:
      - '104'
      X-Content-Type-Options:
      - nosniff
      Server:
      - thin
      Via:
      - 1.1 vegur
    body:
      encoding: UTF-8
      string: '{"data":{"type":"recording","votable_id":"61","attributes":{"upvotes":1,"downvotes":0,"total_score":1}}}'
    http_version: 
  recorded_at: Thu, 25 Jul 2019 02:31:10 GMT
- request:
    method: get
    uri: https://votes-app-1903.herokuapp.com/api/v1/recording/60/score
    body:
      encoding: US-ASCII
      string: ''
    headers:
      User-Agent:
      - Faraday v0.15.4
      Accept-Encoding:
      - gzip;q=1.0,deflate;q=0.6,identity;q=0.3
      Accept:
      - "*/*"
  response:
    status:
      code: 200
      message: OK
    headers:
      Date:
      - Thu, 25 Jul 2019 02:31:11 GMT
      Connection:
      - keep-alive
      Content-Type:
      - application/json
      Content-Length:
      - '105'
      X-Content-Type-Options:
      - nosniff
      Server:
      - thin
      Via:
      - 1.1 vegur
    body:
      encoding: UTF-8
      string: '{"data":{"type":"recording","votable_id":"60","attributes":{"upvotes":0,"downvotes":1,"total_score":-1}}}'
    http_version: 
  recorded_at: Thu, 25 Jul 2019 02:31:11 GMT
- request:
    method: get
    uri: https://votes-app-1903.herokuapp.com/api/v1/recording/61/score
    body:
      encoding: US-ASCII
      string: ''
    headers:
      User-Agent:
      - Faraday v0.15.4
      Accept-Encoding:
      - gzip;q=1.0,deflate;q=0.6,identity;q=0.3
      Accept:
      - "*/*"
  response:
    status:
      code: 200
      message: OK
    headers:
      Date:
      - Thu, 25 Jul 2019 02:31:12 GMT
      Connection:
      - keep-alive
      Content-Type:
      - application/json
      Content-Length:
      - '104'
      X-Content-Type-Options:
      - nosniff
      Server:
      - thin
      Via:
      - 1.1 vegur
    body:
      encoding: UTF-8
      string: '{"data":{"type":"recording","votable_id":"61","attributes":{"upvotes":1,"downvotes":0,"total_score":1}}}'
    http_version: 
  recorded_at: Thu, 25 Jul 2019 02:31:11 GMT
- request:
    method: get
    uri: https://votes-app-1903.herokuapp.com/api/v1/recording/237/score
    body:
      encoding: US-ASCII
      string: ''
    headers:
      User-Agent:
      - Faraday v0.15.4
      Accept-Encoding:
      - gzip;q=1.0,deflate;q=0.6,identity;q=0.3
      Accept:
      - "*/*"
  response:
    status:
      code: 200
      message: OK
    headers:
      Date:
      - Thu, 25 Jul 2019 03:28:21 GMT
      Connection:
      - keep-alive
      Content-Type:
      - application/json
      Content-Length:
      - '105'
      X-Content-Type-Options:
      - nosniff
      Server:
      - thin
      Via:
      - 1.1 vegur
    body:
      encoding: UTF-8
      string: '{"data":{"type":"recording","votable_id":"237","attributes":{"upvotes":0,"downvotes":0,"total_score":0}}}'
    http_version: 
  recorded_at: Thu, 25 Jul 2019 03:28:22 GMT
- request:
    method: get
    uri: https://votes-app-1903.herokuapp.com/api/v1/recording/238/score
    body:
      encoding: US-ASCII
      string: ''
    headers:
      User-Agent:
      - Faraday v0.15.4
      Accept-Encoding:
      - gzip;q=1.0,deflate;q=0.6,identity;q=0.3
      Accept:
      - "*/*"
  response:
    status:
      code: 200
      message: OK
    headers:
      Date:
      - Thu, 25 Jul 2019 03:28:21 GMT
      Connection:
      - keep-alive
      Content-Type:
      - application/json
      Content-Length:
      - '105'
      X-Content-Type-Options:
      - nosniff
      Server:
      - thin
      Via:
      - 1.1 vegur
    body:
      encoding: UTF-8
      string: '{"data":{"type":"recording","votable_id":"238","attributes":{"upvotes":0,"downvotes":0,"total_score":0}}}'
    http_version: 
  recorded_at: Thu, 25 Jul 2019 03:28:22 GMT
- request:
    method: get
    uri: https://votes-app-1903.herokuapp.com/api/v1/recording/239/score
    body:
      encoding: US-ASCII
      string: ''
    headers:
      User-Agent:
      - Faraday v0.15.4
      Accept-Encoding:
      - gzip;q=1.0,deflate;q=0.6,identity;q=0.3
      Accept:
      - "*/*"
  response:
    status:
      code: 200
      message: OK
    headers:
      Date:
      - Thu, 25 Jul 2019 03:28:21 GMT
      Connection:
      - keep-alive
      Content-Type:
      - application/json
      Content-Length:
      - '105'
      X-Content-Type-Options:
      - nosniff
      Server:
      - thin
      Via:
      - 1.1 vegur
    body:
      encoding: UTF-8
      string: '{"data":{"type":"recording","votable_id":"239","attributes":{"upvotes":0,"downvotes":0,"total_score":0}}}'
    http_version: 
  recorded_at: Thu, 25 Jul 2019 03:28:22 GMT
- request:
    method: get
    uri: https://votes-app-1903.herokuapp.com/api/v1/recording/238/score
    body:
      encoding: US-ASCII
      string: ''
    headers:
      User-Agent:
      - Faraday v0.15.4
      Accept-Encoding:
      - gzip;q=1.0,deflate;q=0.6,identity;q=0.3
      Accept:
      - "*/*"
  response:
    status:
      code: 200
      message: OK
    headers:
      Date:
      - Thu, 25 Jul 2019 03:28:22 GMT
      Connection:
      - keep-alive
      Content-Type:
      - application/json
      Content-Length:
      - '105'
      X-Content-Type-Options:
      - nosniff
      Server:
      - thin
      Via:
      - 1.1 vegur
    body:
      encoding: UTF-8
      string: '{"data":{"type":"recording","votable_id":"238","attributes":{"upvotes":0,"downvotes":0,"total_score":0}}}'
    http_version: 
  recorded_at: Thu, 25 Jul 2019 03:28:22 GMT
- request:
    method: get
    uri: https://votes-app-1903.herokuapp.com/api/v1/recording/239/score
    body:
      encoding: US-ASCII
      string: ''
    headers:
      User-Agent:
      - Faraday v0.15.4
      Accept-Encoding:
      - gzip;q=1.0,deflate;q=0.6,identity;q=0.3
      Accept:
      - "*/*"
  response:
    status:
      code: 200
      message: OK
    headers:
      Date:
      - Thu, 25 Jul 2019 03:28:22 GMT
      Connection:
      - keep-alive
      Content-Type:
      - application/json
      Content-Length:
      - '105'
      X-Content-Type-Options:
      - nosniff
      Server:
      - thin
      Via:
      - 1.1 vegur
    body:
      encoding: UTF-8
      string: '{"data":{"type":"recording","votable_id":"239","attributes":{"upvotes":0,"downvotes":0,"total_score":0}}}'
    http_version: 
  recorded_at: Thu, 25 Jul 2019 03:28:22 GMT
- request:
    method: get
    uri: https://votes-app-1903.herokuapp.com/api/v1/recording/173/score
    body:
      encoding: US-ASCII
      string: ''
    headers:
      User-Agent:
      - Faraday v0.15.4
      Accept-Encoding:
      - gzip;q=1.0,deflate;q=0.6,identity;q=0.3
      Accept:
      - "*/*"
  response:
    status:
      code: 200
      message: OK
    headers:
      Date:
      - Thu, 25 Jul 2019 15:01:16 GMT
      Connection:
      - keep-alive
      Content-Type:
      - application/json
      Content-Length:
      - '105'
      X-Content-Type-Options:
      - nosniff
      Server:
      - thin
      Via:
      - 1.1 vegur
    body:
      encoding: UTF-8
      string: '{"data":{"type":"recording","votable_id":"173","attributes":{"upvotes":0,"downvotes":0,"total_score":0}}}'
    http_version: 
  recorded_at: Thu, 25 Jul 2019 15:01:14 GMT
- request:
    method: get
    uri: https://votes-app-1903.herokuapp.com/api/v1/recording/174/score
    body:
      encoding: US-ASCII
      string: ''
    headers:
      User-Agent:
      - Faraday v0.15.4
      Accept-Encoding:
      - gzip;q=1.0,deflate;q=0.6,identity;q=0.3
      Accept:
      - "*/*"
  response:
    status:
      code: 200
      message: OK
    headers:
      Date:
      - Thu, 25 Jul 2019 15:01:17 GMT
      Connection:
      - keep-alive
      Content-Type:
      - application/json
      Content-Length:
      - '105'
      X-Content-Type-Options:
      - nosniff
      Server:
      - thin
      Via:
      - 1.1 vegur
    body:
      encoding: UTF-8
      string: '{"data":{"type":"recording","votable_id":"174","attributes":{"upvotes":0,"downvotes":0,"total_score":0}}}'
    http_version: 
  recorded_at: Thu, 25 Jul 2019 15:01:15 GMT
- request:
    method: get
    uri: https://votes-app-1903.herokuapp.com/api/v1/recording/175/score
    body:
      encoding: US-ASCII
      string: ''
    headers:
      User-Agent:
      - Faraday v0.15.4
      Accept-Encoding:
      - gzip;q=1.0,deflate;q=0.6,identity;q=0.3
      Accept:
      - "*/*"
  response:
    status:
      code: 200
      message: OK
    headers:
      Date:
      - Thu, 25 Jul 2019 15:01:17 GMT
      Connection:
      - keep-alive
      Content-Type:
      - application/json
      Content-Length:
      - '105'
      X-Content-Type-Options:
      - nosniff
      Server:
      - thin
      Via:
      - 1.1 vegur
    body:
      encoding: UTF-8
      string: '{"data":{"type":"recording","votable_id":"175","attributes":{"upvotes":1,"downvotes":0,"total_score":1}}}'
    http_version: 
  recorded_at: Thu, 25 Jul 2019 15:01:15 GMT
- request:
    method: get
    uri: https://votes-app-1903.herokuapp.com/api/v1/recording/174/score
    body:
      encoding: US-ASCII
      string: ''
    headers:
      User-Agent:
      - Faraday v0.15.4
      Accept-Encoding:
      - gzip;q=1.0,deflate;q=0.6,identity;q=0.3
      Accept:
      - "*/*"
  response:
    status:
      code: 200
      message: OK
    headers:
      Date:
      - Thu, 25 Jul 2019 15:01:18 GMT
      Connection:
      - keep-alive
      Content-Type:
      - application/json
      Content-Length:
      - '105'
      X-Content-Type-Options:
      - nosniff
      Server:
      - thin
      Via:
      - 1.1 vegur
    body:
      encoding: UTF-8
      string: '{"data":{"type":"recording","votable_id":"174","attributes":{"upvotes":0,"downvotes":0,"total_score":0}}}'
    http_version: 
  recorded_at: Thu, 25 Jul 2019 15:01:15 GMT
- request:
    method: get
    uri: https://votes-app-1903.herokuapp.com/api/v1/recording/175/score
    body:
      encoding: US-ASCII
      string: ''
    headers:
      User-Agent:
      - Faraday v0.15.4
      Accept-Encoding:
      - gzip;q=1.0,deflate;q=0.6,identity;q=0.3
      Accept:
      - "*/*"
  response:
    status:
      code: 200
      message: OK
    headers:
      Date:
      - Thu, 25 Jul 2019 15:01:18 GMT
      Connection:
      - keep-alive
      Content-Type:
      - application/json
      Content-Length:
      - '105'
      X-Content-Type-Options:
      - nosniff
      Server:
      - thin
      Via:
      - 1.1 vegur
    body:
      encoding: UTF-8
      string: '{"data":{"type":"recording","votable_id":"175","attributes":{"upvotes":1,"downvotes":0,"total_score":1}}}'
    http_version: 
  recorded_at: Thu, 25 Jul 2019 15:01:15 GMT
- request:
    method: get
    uri: https://votes-app-1903.herokuapp.com/api/v1/recording/215/score
    body:
      encoding: US-ASCII
      string: ''
    headers:
      User-Agent:
      - Faraday v0.15.4
      Accept-Encoding:
      - gzip;q=1.0,deflate;q=0.6,identity;q=0.3
      Accept:
      - "*/*"
  response:
    status:
      code: 200
      message: OK
    headers:
      Date:
      - Thu, 25 Jul 2019 15:10:34 GMT
      Connection:
      - keep-alive
      Content-Type:
      - application/json
      Content-Length:
      - '105'
      X-Content-Type-Options:
      - nosniff
      Server:
      - thin
      Via:
      - 1.1 vegur
    body:
      encoding: UTF-8
      string: '{"data":{"type":"recording","votable_id":"215","attributes":{"upvotes":0,"downvotes":0,"total_score":0}}}'
    http_version: 
  recorded_at: Thu, 25 Jul 2019 15:10:32 GMT
- request:
    method: get
    uri: https://votes-app-1903.herokuapp.com/api/v1/recording/216/score
    body:
      encoding: US-ASCII
      string: ''
    headers:
      User-Agent:
      - Faraday v0.15.4
      Accept-Encoding:
      - gzip;q=1.0,deflate;q=0.6,identity;q=0.3
      Accept:
      - "*/*"
  response:
    status:
      code: 200
      message: OK
    headers:
      Date:
      - Thu, 25 Jul 2019 15:10:34 GMT
      Connection:
      - keep-alive
      Content-Type:
      - application/json
      Content-Length:
      - '105'
      X-Content-Type-Options:
      - nosniff
      Server:
      - thin
      Via:
      - 1.1 vegur
    body:
      encoding: UTF-8
      string: '{"data":{"type":"recording","votable_id":"216","attributes":{"upvotes":0,"downvotes":0,"total_score":0}}}'
    http_version: 
  recorded_at: Thu, 25 Jul 2019 15:10:32 GMT
- request:
    method: get
    uri: https://votes-app-1903.herokuapp.com/api/v1/recording/217/score
    body:
      encoding: US-ASCII
      string: ''
    headers:
      User-Agent:
      - Faraday v0.15.4
      Accept-Encoding:
      - gzip;q=1.0,deflate;q=0.6,identity;q=0.3
      Accept:
      - "*/*"
  response:
    status:
      code: 200
      message: OK
    headers:
      Date:
      - Thu, 25 Jul 2019 15:10:34 GMT
      Connection:
      - keep-alive
      Content-Type:
      - application/json
      Content-Length:
      - '105'
      X-Content-Type-Options:
      - nosniff
      Server:
      - thin
      Via:
      - 1.1 vegur
    body:
      encoding: UTF-8
      string: '{"data":{"type":"recording","votable_id":"217","attributes":{"upvotes":0,"downvotes":0,"total_score":0}}}'
    http_version: 
  recorded_at: Thu, 25 Jul 2019 15:10:32 GMT
- request:
    method: get
    uri: https://votes-app-1903.herokuapp.com/api/v1/recording/216/score
    body:
      encoding: US-ASCII
      string: ''
    headers:
      User-Agent:
      - Faraday v0.15.4
      Accept-Encoding:
      - gzip;q=1.0,deflate;q=0.6,identity;q=0.3
      Accept:
      - "*/*"
  response:
    status:
      code: 200
      message: OK
    headers:
      Date:
      - Thu, 25 Jul 2019 15:10:34 GMT
      Connection:
      - keep-alive
      Content-Type:
      - application/json
      Content-Length:
      - '105'
      X-Content-Type-Options:
      - nosniff
      Server:
      - thin
      Via:
      - 1.1 vegur
    body:
      encoding: UTF-8
      string: '{"data":{"type":"recording","votable_id":"216","attributes":{"upvotes":0,"downvotes":0,"total_score":0}}}'
    http_version: 
  recorded_at: Thu, 25 Jul 2019 15:10:32 GMT
- request:
    method: get
    uri: https://votes-app-1903.herokuapp.com/api/v1/recording/217/score
    body:
      encoding: US-ASCII
      string: ''
    headers:
      User-Agent:
      - Faraday v0.15.4
      Accept-Encoding:
      - gzip;q=1.0,deflate;q=0.6,identity;q=0.3
      Accept:
      - "*/*"
  response:
    status:
      code: 200
      message: OK
    headers:
      Date:
      - Thu, 25 Jul 2019 15:10:35 GMT
      Connection:
      - keep-alive
      Content-Type:
      - application/json
      Content-Length:
      - '105'
      X-Content-Type-Options:
      - nosniff
      Server:
      - thin
      Via:
      - 1.1 vegur
    body:
      encoding: UTF-8
      string: '{"data":{"type":"recording","votable_id":"217","attributes":{"upvotes":0,"downvotes":0,"total_score":0}}}'
    http_version: 
  recorded_at: Thu, 25 Jul 2019 15:10:33 GMT
- request:
    method: get
    uri: https://votes-app-1903.herokuapp.com/api/v1/recording/257/score
    body:
      encoding: US-ASCII
      string: ''
    headers:
      User-Agent:
      - Faraday v0.15.4
      Accept-Encoding:
      - gzip;q=1.0,deflate;q=0.6,identity;q=0.3
      Accept:
      - "*/*"
  response:
    status:
      code: 200
      message: OK
    headers:
      Date:
      - Thu, 25 Jul 2019 15:11:33 GMT
      Connection:
      - keep-alive
      Content-Type:
      - application/json
      Content-Length:
      - '105'
      X-Content-Type-Options:
      - nosniff
      Server:
      - thin
      Via:
      - 1.1 vegur
    body:
      encoding: UTF-8
      string: '{"data":{"type":"recording","votable_id":"257","attributes":{"upvotes":0,"downvotes":0,"total_score":0}}}'
    http_version: 
  recorded_at: Thu, 25 Jul 2019 15:11:30 GMT
- request:
    method: get
    uri: https://votes-app-1903.herokuapp.com/api/v1/recording/258/score
    body:
      encoding: US-ASCII
      string: ''
    headers:
      User-Agent:
      - Faraday v0.15.4
      Accept-Encoding:
      - gzip;q=1.0,deflate;q=0.6,identity;q=0.3
      Accept:
      - "*/*"
  response:
    status:
      code: 200
      message: OK
    headers:
      Date:
      - Thu, 25 Jul 2019 15:11:33 GMT
      Connection:
      - keep-alive
      Content-Type:
      - application/json
      Content-Length:
      - '105'
      X-Content-Type-Options:
      - nosniff
      Server:
      - thin
      Via:
      - 1.1 vegur
    body:
      encoding: UTF-8
      string: '{"data":{"type":"recording","votable_id":"258","attributes":{"upvotes":0,"downvotes":0,"total_score":0}}}'
    http_version: 
  recorded_at: Thu, 25 Jul 2019 15:11:31 GMT
- request:
    method: get
    uri: https://votes-app-1903.herokuapp.com/api/v1/recording/259/score
    body:
      encoding: US-ASCII
      string: ''
    headers:
      User-Agent:
      - Faraday v0.15.4
      Accept-Encoding:
      - gzip;q=1.0,deflate;q=0.6,identity;q=0.3
      Accept:
      - "*/*"
  response:
    status:
      code: 200
      message: OK
    headers:
      Date:
      - Thu, 25 Jul 2019 15:11:33 GMT
      Connection:
      - keep-alive
      Content-Type:
      - application/json
      Content-Length:
      - '105'
      X-Content-Type-Options:
      - nosniff
      Server:
      - thin
      Via:
      - 1.1 vegur
    body:
      encoding: UTF-8
      string: '{"data":{"type":"recording","votable_id":"259","attributes":{"upvotes":0,"downvotes":0,"total_score":0}}}'
    http_version: 
  recorded_at: Thu, 25 Jul 2019 15:11:31 GMT
- request:
    method: get
    uri: https://votes-app-1903.herokuapp.com/api/v1/recording/258/score
    body:
      encoding: US-ASCII
      string: ''
    headers:
      User-Agent:
      - Faraday v0.15.4
      Accept-Encoding:
      - gzip;q=1.0,deflate;q=0.6,identity;q=0.3
      Accept:
      - "*/*"
  response:
    status:
      code: 200
      message: OK
    headers:
      Date:
      - Thu, 25 Jul 2019 15:11:33 GMT
      Connection:
      - keep-alive
      Content-Type:
      - application/json
      Content-Length:
      - '105'
      X-Content-Type-Options:
      - nosniff
      Server:
      - thin
      Via:
      - 1.1 vegur
    body:
      encoding: UTF-8
      string: '{"data":{"type":"recording","votable_id":"258","attributes":{"upvotes":0,"downvotes":0,"total_score":0}}}'
    http_version: 
  recorded_at: Thu, 25 Jul 2019 15:11:31 GMT
- request:
    method: get
    uri: https://votes-app-1903.herokuapp.com/api/v1/recording/259/score
    body:
      encoding: US-ASCII
      string: ''
    headers:
      User-Agent:
      - Faraday v0.15.4
      Accept-Encoding:
      - gzip;q=1.0,deflate;q=0.6,identity;q=0.3
      Accept:
      - "*/*"
  response:
    status:
      code: 200
      message: OK
    headers:
      Date:
      - Thu, 25 Jul 2019 15:11:33 GMT
      Connection:
      - keep-alive
      Content-Type:
      - application/json
      Content-Length:
      - '105'
      X-Content-Type-Options:
      - nosniff
      Server:
      - thin
      Via:
      - 1.1 vegur
    body:
      encoding: UTF-8
      string: '{"data":{"type":"recording","votable_id":"259","attributes":{"upvotes":0,"downvotes":0,"total_score":0}}}'
    http_version: 
  recorded_at: Thu, 25 Jul 2019 15:11:31 GMT
recorded_with: VCR 5.0.0
