---
http_interactions:
- request:
    method: get
    uri: https://votes-app-1903.herokuapp.com/api/v1/recording/24/score
    body:
      encoding: US-ASCII
      string: ''
    headers:
      User-Agent:
      - Faraday v0.15.4
      Accept-Encoding:
      - gzip;q=1.0,deflate;q=0.6,identity;q=0.3
      Accept:
      - "*/*"
  response:
    status:
      code: 200
      message: OK
    headers:
      Date:
      - Thu, 25 Jul 2019 02:29:20 GMT
      Connection:
      - keep-alive
      Content-Type:
      - application/json
      Content-Length:
      - '104'
      X-Content-Type-Options:
      - nosniff
      Server:
      - thin
      Via:
      - 1.1 vegur
    body:
      encoding: UTF-8
      string: '{"data":{"type":"recording","votable_id":"24","attributes":{"upvotes":0,"downvotes":0,"total_score":0}}}'
    http_version: 
  recorded_at: Thu, 25 Jul 2019 02:29:19 GMT
- request:
    method: get
    uri: https://votes-app-1903.herokuapp.com/api/v1/recording/25/score
    body:
      encoding: US-ASCII
      string: ''
    headers:
      User-Agent:
      - Faraday v0.15.4
      Accept-Encoding:
      - gzip;q=1.0,deflate;q=0.6,identity;q=0.3
      Accept:
      - "*/*"
  response:
    status:
      code: 200
      message: OK
    headers:
      Date:
      - Thu, 25 Jul 2019 02:29:20 GMT
      Connection:
      - keep-alive
      Content-Type:
      - application/json
      Content-Length:
      - '104'
      X-Content-Type-Options:
      - nosniff
      Server:
      - thin
      Via:
      - 1.1 vegur
    body:
      encoding: UTF-8
      string: '{"data":{"type":"recording","votable_id":"25","attributes":{"upvotes":0,"downvotes":0,"total_score":0}}}'
    http_version: 
  recorded_at: Thu, 25 Jul 2019 02:29:19 GMT
- request:
    method: get
    uri: https://votes-app-1903.herokuapp.com/api/v1/recording/26/score
    body:
      encoding: US-ASCII
      string: ''
    headers:
      User-Agent:
      - Faraday v0.15.4
      Accept-Encoding:
      - gzip;q=1.0,deflate;q=0.6,identity;q=0.3
      Accept:
      - "*/*"
  response:
    status:
      code: 200
      message: OK
    headers:
      Date:
      - Thu, 25 Jul 2019 02:29:20 GMT
      Connection:
      - keep-alive
      Content-Type:
      - application/json
      Content-Length:
      - '104'
      X-Content-Type-Options:
      - nosniff
      Server:
      - thin
      Via:
      - 1.1 vegur
    body:
      encoding: UTF-8
      string: '{"data":{"type":"recording","votable_id":"26","attributes":{"upvotes":0,"downvotes":0,"total_score":0}}}'
    http_version: 
  recorded_at: Thu, 25 Jul 2019 02:29:20 GMT
- request:
    method: get
    uri: https://votes-app-1903.herokuapp.com/api/v1/recording/62/score
    body:
      encoding: US-ASCII
      string: ''
    headers:
      User-Agent:
      - Faraday v0.15.4
      Accept-Encoding:
      - gzip;q=1.0,deflate;q=0.6,identity;q=0.3
      Accept:
      - "*/*"
  response:
    status:
      code: 200
      message: OK
    headers:
      Date:
      - Thu, 25 Jul 2019 02:31:12 GMT
      Connection:
      - keep-alive
      Content-Type:
      - application/json
      Content-Length:
      - '104'
      X-Content-Type-Options:
      - nosniff
      Server:
      - thin
      Via:
      - 1.1 vegur
    body:
      encoding: UTF-8
      string: '{"data":{"type":"recording","votable_id":"62","attributes":{"upvotes":1,"downvotes":0,"total_score":1}}}'
    http_version: 
  recorded_at: Thu, 25 Jul 2019 02:31:11 GMT
- request:
    method: get
    uri: https://votes-app-1903.herokuapp.com/api/v1/recording/63/score
    body:
      encoding: US-ASCII
      string: ''
    headers:
      User-Agent:
      - Faraday v0.15.4
      Accept-Encoding:
      - gzip;q=1.0,deflate;q=0.6,identity;q=0.3
      Accept:
      - "*/*"
  response:
    status:
      code: 200
      message: OK
    headers:
      Date:
      - Thu, 25 Jul 2019 02:31:12 GMT
      Connection:
      - keep-alive
      Content-Type:
      - application/json
      Content-Length:
      - '104'
      X-Content-Type-Options:
      - nosniff
      Server:
      - thin
      Via:
      - 1.1 vegur
    body:
      encoding: UTF-8
      string: '{"data":{"type":"recording","votable_id":"63","attributes":{"upvotes":1,"downvotes":0,"total_score":1}}}'
    http_version: 
  recorded_at: Thu, 25 Jul 2019 02:31:11 GMT
- request:
    method: get
    uri: https://votes-app-1903.herokuapp.com/api/v1/recording/64/score
    body:
      encoding: US-ASCII
      string: ''
    headers:
      User-Agent:
      - Faraday v0.15.4
      Accept-Encoding:
      - gzip;q=1.0,deflate;q=0.6,identity;q=0.3
      Accept:
      - "*/*"
  response:
    status:
      code: 200
      message: OK
    headers:
      Date:
      - Thu, 25 Jul 2019 02:31:12 GMT
      Connection:
      - keep-alive
      Content-Type:
      - application/json
      Content-Length:
      - '104'
      X-Content-Type-Options:
      - nosniff
      Server:
      - thin
      Via:
      - 1.1 vegur
    body:
      encoding: UTF-8
      string: '{"data":{"type":"recording","votable_id":"64","attributes":{"upvotes":0,"downvotes":0,"total_score":0}}}'
    http_version: 
  recorded_at: Thu, 25 Jul 2019 02:31:12 GMT
- request:
    method: get
    uri: https://votes-app-1903.herokuapp.com/api/v1/recording/240/score
    body:
      encoding: US-ASCII
      string: ''
    headers:
      User-Agent:
      - Faraday v0.15.4
      Accept-Encoding:
      - gzip;q=1.0,deflate;q=0.6,identity;q=0.3
      Accept:
      - "*/*"
  response:
    status:
      code: 200
      message: OK
    headers:
      Date:
      - Thu, 25 Jul 2019 03:28:22 GMT
      Connection:
      - keep-alive
      Content-Type:
      - application/json
      Content-Length:
      - '105'
      X-Content-Type-Options:
      - nosniff
      Server:
      - thin
      Via:
      - 1.1 vegur
    body:
      encoding: UTF-8
      string: '{"data":{"type":"recording","votable_id":"240","attributes":{"upvotes":0,"downvotes":0,"total_score":0}}}'
    http_version: 
  recorded_at: Thu, 25 Jul 2019 03:28:23 GMT
- request:
    method: get
    uri: https://votes-app-1903.herokuapp.com/api/v1/recording/241/score
    body:
      encoding: US-ASCII
      string: ''
    headers:
      User-Agent:
      - Faraday v0.15.4
      Accept-Encoding:
      - gzip;q=1.0,deflate;q=0.6,identity;q=0.3
      Accept:
      - "*/*"
  response:
    status:
      code: 200
      message: OK
    headers:
      Date:
      - Thu, 25 Jul 2019 03:28:23 GMT
      Connection:
      - keep-alive
      Content-Type:
      - application/json
      Content-Length:
      - '105'
      X-Content-Type-Options:
      - nosniff
      Server:
      - thin
      Via:
      - 1.1 vegur
    body:
      encoding: UTF-8
      string: '{"data":{"type":"recording","votable_id":"241","attributes":{"upvotes":0,"downvotes":0,"total_score":0}}}'
    http_version: 
  recorded_at: Thu, 25 Jul 2019 03:28:23 GMT
- request:
    method: get
    uri: https://votes-app-1903.herokuapp.com/api/v1/recording/242/score
    body:
      encoding: US-ASCII
      string: ''
    headers:
      User-Agent:
      - Faraday v0.15.4
      Accept-Encoding:
      - gzip;q=1.0,deflate;q=0.6,identity;q=0.3
      Accept:
      - "*/*"
  response:
    status:
      code: 200
      message: OK
    headers:
      Date:
      - Thu, 25 Jul 2019 03:28:23 GMT
      Connection:
      - keep-alive
      Content-Type:
      - application/json
      Content-Length:
      - '105'
      X-Content-Type-Options:
      - nosniff
      Server:
      - thin
      Via:
      - 1.1 vegur
    body:
      encoding: UTF-8
      string: '{"data":{"type":"recording","votable_id":"242","attributes":{"upvotes":0,"downvotes":0,"total_score":0}}}'
    http_version: 
  recorded_at: Thu, 25 Jul 2019 03:28:23 GMT
- request:
    method: get
    uri: https://votes-app-1903.herokuapp.com/api/v1/recording/176/score
    body:
      encoding: US-ASCII
      string: ''
    headers:
      User-Agent:
      - Faraday v0.15.4
      Accept-Encoding:
      - gzip;q=1.0,deflate;q=0.6,identity;q=0.3
      Accept:
      - "*/*"
  response:
    status:
      code: 200
      message: OK
    headers:
      Date:
      - Thu, 25 Jul 2019 15:01:18 GMT
      Connection:
      - keep-alive
      Content-Type:
      - application/json
      Content-Length:
      - '105'
      X-Content-Type-Options:
      - nosniff
      Server:
      - thin
      Via:
      - 1.1 vegur
    body:
      encoding: UTF-8
      string: '{"data":{"type":"recording","votable_id":"176","attributes":{"upvotes":0,"downvotes":0,"total_score":0}}}'
    http_version: 
  recorded_at: Thu, 25 Jul 2019 15:01:16 GMT
- request:
    method: get
    uri: https://votes-app-1903.herokuapp.com/api/v1/recording/177/score
    body:
      encoding: US-ASCII
      string: ''
    headers:
      User-Agent:
      - Faraday v0.15.4
      Accept-Encoding:
      - gzip;q=1.0,deflate;q=0.6,identity;q=0.3
      Accept:
      - "*/*"
  response:
    status:
      code: 200
      message: OK
    headers:
      Date:
      - Thu, 25 Jul 2019 15:01:18 GMT
      Connection:
      - keep-alive
      Content-Type:
      - application/json
      Content-Length:
      - '105'
      X-Content-Type-Options:
      - nosniff
      Server:
      - thin
      Via:
      - 1.1 vegur
    body:
      encoding: UTF-8
      string: '{"data":{"type":"recording","votable_id":"177","attributes":{"upvotes":0,"downvotes":0,"total_score":0}}}'
    http_version: 
  recorded_at: Thu, 25 Jul 2019 15:01:16 GMT
- request:
    method: get
    uri: https://votes-app-1903.herokuapp.com/api/v1/recording/178/score
    body:
      encoding: US-ASCII
      string: ''
    headers:
      User-Agent:
      - Faraday v0.15.4
      Accept-Encoding:
      - gzip;q=1.0,deflate;q=0.6,identity;q=0.3
      Accept:
      - "*/*"
  response:
    status:
      code: 200
      message: OK
    headers:
      Date:
      - Thu, 25 Jul 2019 15:01:18 GMT
      Connection:
      - keep-alive
      Content-Type:
      - application/json
      Content-Length:
      - '105'
      X-Content-Type-Options:
      - nosniff
      Server:
      - thin
      Via:
      - 1.1 vegur
    body:
      encoding: UTF-8
      string: '{"data":{"type":"recording","votable_id":"178","attributes":{"upvotes":0,"downvotes":0,"total_score":0}}}'
    http_version: 
  recorded_at: Thu, 25 Jul 2019 15:01:16 GMT
- request:
    method: get
    uri: https://votes-app-1903.herokuapp.com/api/v1/recording/218/score
    body:
      encoding: US-ASCII
      string: ''
    headers:
      User-Agent:
      - Faraday v0.15.4
      Accept-Encoding:
      - gzip;q=1.0,deflate;q=0.6,identity;q=0.3
      Accept:
      - "*/*"
  response:
    status:
      code: 200
      message: OK
    headers:
      Date:
      - Thu, 25 Jul 2019 15:10:36 GMT
      Connection:
      - keep-alive
      Content-Type:
      - application/json
      Content-Length:
      - '105'
      X-Content-Type-Options:
      - nosniff
      Server:
      - thin
      Via:
      - 1.1 vegur
    body:
      encoding: UTF-8
      string: '{"data":{"type":"recording","votable_id":"218","attributes":{"upvotes":0,"downvotes":0,"total_score":0}}}'
    http_version: 
  recorded_at: Thu, 25 Jul 2019 15:10:33 GMT
- request:
    method: get
    uri: https://votes-app-1903.herokuapp.com/api/v1/recording/219/score
    body:
      encoding: US-ASCII
      string: ''
    headers:
      User-Agent:
      - Faraday v0.15.4
      Accept-Encoding:
      - gzip;q=1.0,deflate;q=0.6,identity;q=0.3
      Accept:
      - "*/*"
  response:
    status:
      code: 200
      message: OK
    headers:
      Date:
      - Thu, 25 Jul 2019 15:10:35 GMT
      Connection:
      - keep-alive
      Content-Type:
      - application/json
      Content-Length:
      - '105'
      X-Content-Type-Options:
      - nosniff
      Server:
      - thin
      Via:
      - 1.1 vegur
    body:
      encoding: UTF-8
      string: '{"data":{"type":"recording","votable_id":"219","attributes":{"upvotes":1,"downvotes":0,"total_score":1}}}'
    http_version: 
  recorded_at: Thu, 25 Jul 2019 15:10:33 GMT
- request:
    method: get
    uri: https://votes-app-1903.herokuapp.com/api/v1/recording/220/score
    body:
      encoding: US-ASCII
      string: ''
    headers:
      User-Agent:
      - Faraday v0.15.4
      Accept-Encoding:
      - gzip;q=1.0,deflate;q=0.6,identity;q=0.3
      Accept:
      - "*/*"
  response:
    status:
      code: 200
      message: OK
    headers:
      Date:
      - Thu, 25 Jul 2019 15:10:36 GMT
      Connection:
      - keep-alive
      Content-Type:
      - application/json
      Content-Length:
      - '105'
      X-Content-Type-Options:
      - nosniff
      Server:
      - thin
      Via:
      - 1.1 vegur
    body:
      encoding: UTF-8
      string: '{"data":{"type":"recording","votable_id":"220","attributes":{"upvotes":0,"downvotes":0,"total_score":0}}}'
    http_version: 
  recorded_at: Thu, 25 Jul 2019 15:10:34 GMT
- request:
    method: get
    uri: https://votes-app-1903.herokuapp.com/api/v1/recording/260/score
    body:
      encoding: US-ASCII
      string: ''
    headers:
      User-Agent:
      - Faraday v0.15.4
      Accept-Encoding:
      - gzip;q=1.0,deflate;q=0.6,identity;q=0.3
      Accept:
      - "*/*"
  response:
    status:
      code: 200
      message: OK
    headers:
      Date:
      - Thu, 25 Jul 2019 15:11:34 GMT
      Connection:
      - keep-alive
      Content-Type:
      - application/json
      Content-Length:
      - '105'
      X-Content-Type-Options:
      - nosniff
      Server:
      - thin
      Via:
      - 1.1 vegur
    body:
      encoding: UTF-8
      string: '{"data":{"type":"recording","votable_id":"260","attributes":{"upvotes":0,"downvotes":0,"total_score":0}}}'
    http_version: 
  recorded_at: Thu, 25 Jul 2019 15:11:32 GMT
- request:
    method: get
    uri: https://votes-app-1903.herokuapp.com/api/v1/recording/261/score
    body:
      encoding: US-ASCII
      string: ''
    headers:
      User-Agent:
      - Faraday v0.15.4
      Accept-Encoding:
      - gzip;q=1.0,deflate;q=0.6,identity;q=0.3
      Accept:
      - "*/*"
  response:
    status:
      code: 200
      message: OK
    headers:
      Date:
      - Thu, 25 Jul 2019 15:11:34 GMT
      Connection:
      - keep-alive
      Content-Type:
      - application/json
      Content-Length:
      - '105'
      X-Content-Type-Options:
      - nosniff
      Server:
      - thin
      Via:
      - 1.1 vegur
    body:
      encoding: UTF-8
      string: '{"data":{"type":"recording","votable_id":"261","attributes":{"upvotes":0,"downvotes":0,"total_score":0}}}'
    http_version: 
  recorded_at: Thu, 25 Jul 2019 15:11:32 GMT
- request:
    method: get
    uri: https://votes-app-1903.herokuapp.com/api/v1/recording/262/score
    body:
      encoding: US-ASCII
      string: ''
    headers:
      User-Agent:
      - Faraday v0.15.4
      Accept-Encoding:
      - gzip;q=1.0,deflate;q=0.6,identity;q=0.3
      Accept:
      - "*/*"
  response:
    status:
      code: 200
      message: OK
    headers:
      Date:
      - Thu, 25 Jul 2019 15:11:34 GMT
      Connection:
      - keep-alive
      Content-Type:
      - application/json
      Content-Length:
      - '105'
      X-Content-Type-Options:
      - nosniff
      Server:
      - thin
      Via:
      - 1.1 vegur
    body:
      encoding: UTF-8
      string: '{"data":{"type":"recording","votable_id":"262","attributes":{"upvotes":0,"downvotes":0,"total_score":0}}}'
    http_version: 
  recorded_at: Thu, 25 Jul 2019 15:11:32 GMT
- request:
    method: get
    uri: https://votes-app-1903.herokuapp.com/api/v1/recording/28/score
    body:
      encoding: US-ASCII
      string: ''
    headers:
      User-Agent:
      - Faraday v0.15.4
      Accept-Encoding:
      - gzip;q=1.0,deflate;q=0.6,identity;q=0.3
      Accept:
      - "*/*"
  response:
    status:
      code: 200
      message: OK
    headers:
      Date:
      - Thu, 25 Jul 2019 15:29:12 GMT
      Connection:
      - keep-alive
      Content-Type:
      - application/json
      Content-Length:
      - '104'
      X-Content-Type-Options:
      - nosniff
      Server:
      - thin
      Via:
      - 1.1 vegur
    body:
      encoding: UTF-8
      string: '{"data":{"type":"recording","votable_id":"28","attributes":{"upvotes":0,"downvotes":0,"total_score":0}}}'
    http_version: 
  recorded_at: Thu, 25 Jul 2019 15:29:09 GMT
- request:
    method: get
    uri: https://votes-app-1903.herokuapp.com/api/v1/recording/29/score
    body:
      encoding: US-ASCII
      string: ''
    headers:
      User-Agent:
      - Faraday v0.15.4
      Accept-Encoding:
      - gzip;q=1.0,deflate;q=0.6,identity;q=0.3
      Accept:
      - "*/*"
  response:
    status:
      code: 200
      message: OK
    headers:
      Date:
      - Thu, 25 Jul 2019 15:29:11 GMT
      Connection:
      - keep-alive
      Content-Type:
      - application/json
      Content-Length:
      - '104'
      X-Content-Type-Options:
      - nosniff
      Server:
      - thin
      Via:
      - 1.1 vegur
    body:
      encoding: UTF-8
      string: '{"data":{"type":"recording","votable_id":"29","attributes":{"upvotes":0,"downvotes":0,"total_score":0}}}'
    http_version: 
  recorded_at: Thu, 25 Jul 2019 15:29:09 GMT
- request:
    method: get
    uri: https://votes-app-1903.herokuapp.com/api/v1/recording/30/score
    body:
      encoding: US-ASCII
      string: ''
    headers:
      User-Agent:
      - Faraday v0.15.4
      Accept-Encoding:
      - gzip;q=1.0,deflate;q=0.6,identity;q=0.3
      Accept:
      - "*/*"
  response:
    status:
      code: 200
      message: OK
    headers:
      Date:
      - Thu, 25 Jul 2019 15:29:11 GMT
      Connection:
      - keep-alive
      Content-Type:
      - application/json
      Content-Length:
      - '104'
      X-Content-Type-Options:
      - nosniff
      Server:
      - thin
      Via:
      - 1.1 vegur
    body:
      encoding: UTF-8
      string: '{"data":{"type":"recording","votable_id":"30","attributes":{"upvotes":0,"downvotes":0,"total_score":0}}}'
    http_version: 
  recorded_at: Thu, 25 Jul 2019 15:29:09 GMT
recorded_with: VCR 5.0.0
